[788:792:0904/090750.589:WARNING:chrome_main_delegate.cc(745)] This is Chrome version 128.0.6613.138 (not a warning)
[788:792:0904/090750.617:ERROR:os_crypt_win.cc(100)] Failed to decrypt: 指定された状態で使用するには無効なキーです。 (0x8009000B)
[788:19576:0904/090750.649:ERROR:google_update_settings.cc(265)] Failed opening key Software\Chromium to set usagestats; result: 5
[788:792:0904/090750.654:WARNING:account_consistency_mode_manager.cc(77)] Desktop Identity Consistency cannot be enabled as no OAuth client ID and client secret have been configured.
[788:19440:0904/090753.759:WARNING:leveldb_database.cc(141)] Unable to open C:\Users\CGuser\Documents\Unreal Projects\MyProject\Saved\webcache_6613\Default\shared_proto_db\metadata: IO error: C:\Users\CGuser\Documents\Unreal Projects\MyProject\Saved\webcache_6613\Default\shared_proto_db\metadata/MANIFEST-000001: Unable to create sequential file (ChromeMethodBFE: 7::NewSequentialFile::1)
[788:19440:0904/090753.772:WARNING:leveldb_database.cc(141)] Unable to open C:\Users\CGuser\Documents\Unreal Projects\MyProject\Saved\webcache_6613\Default\shared_proto_db\metadata: IO error: C:\Users\CGuser\Documents\Unreal Projects\MyProject\Saved\webcache_6613\Default\shared_proto_db\metadata/MANIFEST-000001: Unable to create sequential file (ChromeMethodBFE: 7::NewSequentialFile::1)
[788:19440:0904/090753.780:WARNING:leveldb_database.cc(141)] Unable to open C:\Users\CGuser\Documents\Unreal Projects\MyProject\Saved\webcache_6613\Default\shared_proto_db\metadata: IO error: C:\Users\CGuser\Documents\Unreal Projects\MyProject\Saved\webcache_6613\Default\shared_proto_db\metadata/MANIFEST-000001: Unable to create sequential file (ChromeMethodBFE: 7::NewSequentialFile::1)
[788:19440:0904/090753.784:WARNING:leveldb_database.cc(141)] Unable to open C:\Users\CGuser\Documents\Unreal Projects\MyProject\Saved\webcache_6613\Default\shared_proto_db\metadata: IO error: C:\Users\CGuser\Documents\Unreal Projects\MyProject\Saved\webcache_6613\Default\shared_proto_db\metadata/MANIFEST-000001: Unable to create sequential file (ChromeMethodBFE: 7::NewSequentialFile::1)
[788:22464:0904/090754.201:WARNING:value_store_frontend.cc(47)] Reading ahfgeienlihckogmohjhadlkjgocpleb.alarms from  failed: IO error: .../MANIFEST-000001: Unable to create sequential file (ChromeMethodBFE: 7::NewSequentialFile::1)
[788:22464:0904/090754.208:WARNING:value_store_frontend.cc(47)] Reading mhjfbmdgcfjbbpaeojofohoefgiehjai.alarms from  failed: IO error: .../MANIFEST-000001: Unable to create sequential file (ChromeMethodBFE: 7::NewSequentialFile::1)
[1876:14920:0904/090754.716:WARNING:frame_impl.cc(430)] virtual CefFrameImpl::SendProcessMessage sent to detached frame 5-BACEECAD534E9B46C2342D39568C5E50 will be ignored
[20244:9032:0904/090755.122:WARNING:codec.cc(525)] Explicitly added H264 constrained baseline to list of supported formats.
[20244:10144:0904/090755.160:WARNING:codec.cc(525)] Explicitly added H264 constrained baseline to list of supported formats.
[20244:10144:0904/090755.161:WARNING:codec.cc(525)] Explicitly added H264 constrained baseline to list of supported formats.
[20244:10144:0904/090755.161:WARNING:codec.cc(525)] Explicitly added H264 constrained baseline to list of supported formats.
[20048:2724:0904/090755.173:WARNING:host_resolver_dns_task.cc(863)] Address list empty after RFC3484 sort
[20048:2724:0904/090755.181:WARNING:host_resolver_dns_task.cc(863)] Address list empty after RFC3484 sort
[20048:2724:0904/090755.181:WARNING:host_resolver_dns_task.cc(863)] Address list empty after RFC3484 sort
[20048:2724:0904/090755.182:ERROR:socket_manager.cc(147)] Failed to resolve address for stun.cloudflare.com., errorcode: -105
[20048:2724:0904/090755.183:ERROR:socket_manager.cc(147)] Failed to resolve address for stun.cloudflare.com., errorcode: -105
[20048:2724:0904/090755.183:ERROR:socket_manager.cc(147)] Failed to resolve address for stun.cloudflare.com., errorcode: -105
[20244:10144:0904/090755.183:WARNING:stun_port.cc(442)] Port[fcec00:0:1:0:host:Net[any:0:0:0:x:x:x:x:x/0:Wildcard:id=0]]: StunPort: stun host lookup received error -1
[20048:2724:0904/090755.183:ERROR:socket_manager.cc(147)] Failed to resolve address for stun1.l.google.com., errorcode: -105
[20244:10144:0904/090755.183:WARNING:stun_port.cc(442)] Port[fcf400:1:1:0:host:Net[any:0:0:0:x:x:x:x:x/0:Wildcard:id=0]]: StunPort: stun host lookup received error -1
[20048:2724:0904/090755.183:ERROR:socket_manager.cc(147)] Failed to resolve address for stun1.l.google.com., errorcode: -105
[20048:2724:0904/090755.183:ERROR:socket_manager.cc(147)] Failed to resolve address for stun1.l.google.com., errorcode: -105
[20048:2724:0904/090755.183:ERROR:socket_manager.cc(147)] Failed to resolve address for stun.l.google.com., errorcode: -105
[20048:2724:0904/090755.183:ERROR:socket_manager.cc(147)] Failed to resolve address for stun.l.google.com., errorcode: -105
[20048:2724:0904/090755.183:ERROR:socket_manager.cc(147)] Failed to resolve address for stun.l.google.com., errorcode: -105
[20244:10144:0904/090755.183:WARNING:stun_port.cc(442)] Port[10a0000:2:1:0:host:Net[any:0:0:0:x:x:x:x:x/0:Wildcard:id=0]]: StunPort: stun host lookup received error -1
[20244:10144:0904/090755.183:WARNING:stun_port.cc(442)] Port[fcec00:0:1:0:host:Net[any:0:0:0:x:x:x:x:x/0:Wildcard:id=0]]: StunPort: stun host lookup received error -1
[20244:10144:0904/090755.183:WARNING:stun_port.cc(442)] Port[fcf400:1:1:0:host:Net[any:0:0:0:x:x:x:x:x/0:Wildcard:id=0]]: StunPort: stun host lookup received error -1
[20244:10144:0904/090755.183:WARNING:stun_port.cc(442)] Port[10a0000:2:1:0:host:Net[any:0:0:0:x:x:x:x:x/0:Wildcard:id=0]]: StunPort: stun host lookup received error -1
[20244:10144:0904/090755.183:WARNING:stun_port.cc(442)] Port[fcec00:0:1:0:host:Net[any:0:0:0:x:x:x:x:x/0:Wildcard:id=0]]: StunPort: stun host lookup received error -1
[20244:10144:0904/090755.183:WARNING:stun_port.cc(442)] Port[fcf400:1:1:0:host:Net[any:0:0:0:x:x:x:x:x/0:Wildcard:id=0]]: StunPort: stun host lookup received error -1
[20244:10144:0904/090755.183:WARNING:stun_port.cc(442)] Port[10a0000:2:1:0:host:Net[any:0:0:0:x:x:x:x:x/0:Wildcard:id=0]]: StunPort: stun host lookup received error -1
[788:22752:0904/090755.372:WARNING:browser_info.cc(345)] Returning a speculative frame for [7,9]
[788:792:0904/090755.395:WARNING:browser_info.cc(345)] Returning a speculative frame for [8,5]
[788:792:0904/090755.396:WARNING:browser_info.cc(345)] Returning a speculative frame for [8,5]
[788:792:0904/090755.396:WARNING:browser_info.cc(345)] Returning a speculative frame for [8,5]
[788:792:0904/090755.396:WARNING:browser_info.cc(345)] Returning a speculative frame for [8,5]
[788:22752:0904/090755.438:WARNING:browser_info.cc(345)] Returning a speculative frame for [8,5]
[22744:2140:0904/090755.525:WARNING:codec.cc(525)] Explicitly added H264 constrained baseline to list of supported formats.
[22744:8880:0904/090755.581:WARNING:codec.cc(525)] Explicitly added H264 constrained baseline to list of supported formats.
[22744:8880:0904/090755.581:WARNING:codec.cc(525)] Explicitly added H264 constrained baseline to list of supported formats.
[22744:8880:0904/090755.581:WARNING:codec.cc(525)] Explicitly added H264 constrained baseline to list of supported formats.
[20048:2724:0904/090755.600:WARNING:host_resolver_dns_task.cc(863)] Address list empty after RFC3484 sort
[20048:2724:0904/090755.600:WARNING:host_resolver_dns_task.cc(863)] Address list empty after RFC3484 sort
[20048:2724:0904/090755.600:WARNING:host_resolver_dns_task.cc(863)] Address list empty after RFC3484 sort
[20048:2724:0904/090755.601:ERROR:socket_manager.cc(147)] Failed to resolve address for stun.cloudflare.com., errorcode: -105
[20048:2724:0904/090755.601:ERROR:socket_manager.cc(147)] Failed to resolve address for stun.cloudflare.com., errorcode: -105
[20048:2724:0904/090755.601:ERROR:socket_manager.cc(147)] Failed to resolve address for stun.cloudflare.com., errorcode: -105
[20048:2724:0904/090755.601:ERROR:socket_manager.cc(147)] Failed to resolve address for stun1.l.google.com., errorcode: -105
[20048:2724:0904/090755.601:ERROR:socket_manager.cc(147)] Failed to resolve address for stun1.l.google.com., errorcode: -105
[20048:2724:0904/090755.601:ERROR:socket_manager.cc(147)] Failed to resolve address for stun1.l.google.com., errorcode: -105
[20048:2724:0904/090755.601:ERROR:socket_manager.cc(147)] Failed to resolve address for stun.l.google.com., errorcode: -105
[20048:2724:0904/090755.601:ERROR:socket_manager.cc(147)] Failed to resolve address for stun.l.google.com., errorcode: -105
[20048:2724:0904/090755.601:ERROR:socket_manager.cc(147)] Failed to resolve address for stun.l.google.com., errorcode: -105
[22744:8880:0904/090755.601:WARNING:stun_port.cc(442)] Port[12e0000:0:1:0:host:Net[any:0:0:0:x:x:x:x:x/0:Wildcard:id=0]]: StunPort: stun host lookup received error -1
[22744:8880:0904/090755.601:WARNING:stun_port.cc(442)] Port[12e0400:1:1:0:host:Net[any:0:0:0:x:x:x:x:x/0:Wildcard:id=0]]: StunPort: stun host lookup received error -1
[22744:8880:0904/090755.601:WARNING:stun_port.cc(442)] Port[12e0c00:2:1:0:host:Net[any:0:0:0:x:x:x:x:x/0:Wildcard:id=0]]: StunPort: stun host lookup received error -1
[22744:8880:0904/090755.601:WARNING:stun_port.cc(442)] Port[12e0000:0:1:0:host:Net[any:0:0:0:x:x:x:x:x/0:Wildcard:id=0]]: StunPort: stun host lookup received error -1
[22744:8880:0904/090755.601:WARNING:stun_port.cc(442)] Port[12e0400:1:1:0:host:Net[any:0:0:0:x:x:x:x:x/0:Wildcard:id=0]]: StunPort: stun host lookup received error -1
[22744:8880:0904/090755.601:WARNING:stun_port.cc(442)] Port[12e0c00:2:1:0:host:Net[any:0:0:0:x:x:x:x:x/0:Wildcard:id=0]]: StunPort: stun host lookup received error -1
[22744:8880:0904/090755.601:WARNING:stun_port.cc(442)] Port[12e0000:0:1:0:host:Net[any:0:0:0:x:x:x:x:x/0:Wildcard:id=0]]: StunPort: stun host lookup received error -1
[22744:8880:0904/090755.601:WARNING:stun_port.cc(442)] Port[12e0400:1:1:0:host:Net[any:0:0:0:x:x:x:x:x/0:Wildcard:id=0]]: StunPort: stun host lookup received error -1
[22744:8880:0904/090755.601:WARNING:stun_port.cc(442)] Port[12e0c00:2:1:0:host:Net[any:0:0:0:x:x:x:x:x/0:Wildcard:id=0]]: StunPort: stun host lookup received error -1
[22744:2140:0904/090757.161:WARNING:codec.cc(525)] Explicitly added H264 constrained baseline to list of supported formats.
[19488:10056:0904/091001.722:ERROR:shared_image_manager.cc(224)] SharedImageManager::ProduceSkia: Trying to Produce a Skia representation from a non-existent mailbox.
[19488:10056:0904/091001.722:ERROR:shared_image_manager.cc(224)] SharedImageManager::ProduceSkia: Trying to Produce a Skia representation from a non-existent mailbox.
[788:792:0904/094506.853:WARNING:pref_notifier_impl.cc(41)] Pref observer for media_router.cast_allow_all_ips found at shutdown.
